../Core/Src/main.c:93:6:ltr_read	24	static
../Core/Src/main.c:122:5:main	8	static
../Core/Src/main.c:177:6:SystemClock_Config	88	static
../Core/Src/main.c:218:13:MX_I2C2_Init	8	static
../Core/Src/main.c:266:13:MX_TIM1_Init	104	static
../Core/Src/main.c:338:13:MX_TIM3_Init	64	static
../Core/Src/main.c:407:13:MX_TIM14_Init	40	static
../Core/Src/main.c:453:13:MX_TIM16_Init	88	static
../Core/Src/main.c:516:13:MX_TIM17_Init	88	static
../Core/Src/main.c:579:13:MX_GPIO_Init	16	static
../Core/Src/main.c:600:6:Error_Handler	8	static,ignoring_inline_asm
