../Core/Src/main.c:119:6:ina219_calibration	32	static
../Core/Src/main.c:133:6:ina219_reading	16	static
../Core/Src/main.c:163:5:main	16	static
../Core/Src/main.c:243:6:SystemClock_Config	88	static
../Core/Src/main.c:284:13:MX_I2C2_Init	8	static
../Core/Src/main.c:332:13:MX_TIM1_Init	120	static
../Core/Src/main.c:414:13:MX_TIM3_Init	64	static
../Core/Src/main.c:483:13:MX_TIM14_Init	40	static
../Core/Src/main.c:529:13:MX_TIM16_Init	88	static
../Core/Src/main.c:592:13:MX_TIM17_Init	88	static
../Core/Src/main.c:655:13:MX_GPIO_Init	16	static
../Core/Src/main.c:676:6:Error_Handler	8	static,ignoring_inline_asm
