../Core/Src/main.c:164:5:main	16	static
../Core/Src/main.c:244:6:SystemClock_Config	88	static
../Core/Src/main.c:285:13:MX_I2C2_Init	8	static
../Core/Src/main.c:333:13:MX_TIM1_Init	120	static
../Core/Src/main.c:415:13:MX_TIM3_Init	64	static
../Core/Src/main.c:484:13:MX_TIM14_Init	40	static
../Core/Src/main.c:530:13:MX_TIM16_Init	88	static
../Core/Src/main.c:593:13:MX_TIM17_Init	88	static
../Core/Src/main.c:656:13:MX_GPIO_Init	16	static
../Core/Src/main.c:677:6:Error_Handler	8	static,ignoring_inline_asm
