../Core/Src/LTR-329ALS-01_DS_V1.c:24:6:LTR_Sensor_Init	16	static
../Core/Src/LTR-329ALS-01_DS_V1.c:41:9:ALS_CONTR_Read	24	static
../Core/Src/LTR-329ALS-01_DS_V1.c:50:8:ALS_CONTR_GainSet	40	static
../Core/Src/LTR-329ALS-01_DS_V1.c:108:9:ALS_GainRead	40	static
../Core/Src/LTR-329ALS-01_DS_V1.c:138:6:ALS_ResetFunction	40	static
../Core/Src/LTR-329ALS-01_DS_V1.c:164:6:ALS_ModeSelect	40	static
../Core/Src/LTR-329ALS-01_DS_V1.c:199:9:ALS_IntTimeRead	24	static
../Core/Src/LTR-329ALS-01_DS_V1.c:207:6:ALS_IntTimeBitRead	40	static
../Core/Src/LTR-329ALS-01_DS_V1.c:242:8:ALS_IntTimeSet	32	static
../Core/Src/LTR-329ALS-01_DS_V1.c:296:9:ALS_MeasRateRead	24	static
../Core/Src/LTR-329ALS-01_DS_V1.c:304:6:ALS_MeasRateBitRead	40	static
../Core/Src/LTR-329ALS-01_DS_V1.c:333:8:ALS_MeasRateSet	32	static
../Core/Src/LTR-329ALS-01_DS_V1.c:378:6:Part_Id	40	static
../Core/Src/LTR-329ALS-01_DS_V1.c:386:6:Manufac_Id	40	static
../Core/Src/LTR-329ALS-01_DS_V1.c:403:9:ALS_GetData	48	static
../Core/Src/LTR-329ALS-01_DS_V1.c:455:9:ALS_StatusDataValid	40	static
../Core/Src/LTR-329ALS-01_DS_V1.c:473:6:ALS_StatusNewOrOld	40	static
../Core/Src/LTR-329ALS-01_DS_V1.c:494:7:LuxCalc	32	static
