../Core/Src/main.c:74:6:Send_Backlight_Level	8	static
../Core/Src/main.c:79:6:LTR_Meas	8	static
../Core/Src/main.c:99:5:main	8	static
../Core/Src/main.c:185:6:SystemClock_Config	144	static
../Core/Src/main.c:239:13:MX_TIM1_Init	120	static
../Core/Src/main.c:321:13:MX_TIM3_Init	64	static
../Core/Src/main.c:392:13:MX_TIM14_Init	40	static
../Core/Src/main.c:438:13:MX_TIM16_Init	88	static
../Core/Src/main.c:501:13:MX_GPIO_Init	48	static
../Core/Src/main.c:529:6:Error_Handler	8	static,ignoring_inline_asm
