15:48:47 **** Incremental Build of configuration Debug for project aaaa ****
make -j8 all 
arm-none-eabi-gcc "../Core/Src/main.c" -mcpu=cortex-m3 -std=gnu11 -g3 -DDEBUG -DUSE_HAL_DRIVER -DSTM32F207xx -c -I../Core/Inc -I../Drivers/STM32F2xx_HAL_Driver/Inc -I../Drivers/STM32F2xx_HAL_Driver/Inc/Legacy -I../Drivers/CMSIS/Device/ST/STM32F2xx/Include -I../Drivers/CMSIS/Include -O0 -ffunction-sections -fdata-sections -Wall -fstack-usage -fcyclomatic-complexity -MMD -MP -MF"Core/Src/main.d" -MT"Core/Src/main.o" --specs=nano.specs -mfloat-abi=soft -mthumb -o "Core/Src/main.o"
arm-none-eabi-gcc -o "aaaa.elf" @"objects.list"   -mcpu=cortex-m3 -T"C:\Users\deniz.gurhan.CIZGI\Desktop\Workspace_1_11_0\aaaa\STM32F207ZGTX_FLASH.ld" --specs=nosys.specs -Wl,-Map="aaaa.map" -Wl,--gc-sections -static --specs=nano.specs -mfloat-abi=soft -mthumb -Wl,--start-group -lc -lm -Wl,--end-group
Finished building target: aaaa.elf
 
arm-none-eabi-size   aaaa.elf 
arm-none-eabi-objdump -h -S  aaaa.elf  > "aaaa.list"
   text	   data	    bss	    dec	    hex	filename
   6980	     28	   1644	   8652	   21cc	aaaa.elf
Finished building: default.size.stdout
 
Finished building: aaaa.list
 

15:48:48 Build Finished. 0 errors, 0 warnings. (took 1s.143ms)

