10:43:34 **** Incremental Build of configuration Debug for project backlight_led ****
make -j8 all 
arm-none-eabi-gcc "../Core/Src/main.c" -mcpu=cortex-m0plus -std=gnu11 -g3 -DDEBUG -DUSE_HAL_DRIVER -DSTM32G081xx -c -I../Core/Inc -I../Drivers/STM32G0xx_HAL_Driver/Inc -I../Drivers/STM32G0xx_HAL_Driver/Inc/Legacy -I../Drivers/CMSIS/Device/ST/STM32G0xx/Include -I../Drivers/CMSIS/Include -O0 -ffunction-sections -fdata-sections -Wall -fstack-usage -fcyclomatic-complexity -MMD -MP -MF"Core/Src/main.d" -MT"Core/Src/main.o" --specs=nano.specs -mfloat-abi=soft -mthumb -o "Core/Src/main.o"
arm-none-eabi-gcc -o "backlight_led.elf" @"objects.list"   -mcpu=cortex-m0plus -T"C:\Users\deniz.gurhan.CIZGI\Desktop\Workspace_1_11_0\backlight_led\STM32G081KBUX_FLASH.ld" --specs=nosys.specs -Wl,-Map="backlight_led.map" -Wl,--gc-sections -static --specs=nano.specs -mfloat-abi=soft -mthumb -Wl,--start-group -lc -lm -Wl,--end-group
Finished building target: backlight_led.elf
 
arm-none-eabi-size   backlight_led.elf 
arm-none-eabi-objdump -h -S  backlight_led.elf  > "backlight_led.list"
   text	   data	    bss	    dec	    hex	filename
  20248	     24	   2048	  22320	   5730	backlight_led.elf
Finished building: default.size.stdout
 
Finished building: backlight_led.list
 

10:43:34 Build Finished. 0 errors, 0 warnings. (took 710ms)

