15:50:51 **** Incremental Build of configuration Debug for project BackLight_Driver_v2 ****
make -j8 all 
arm-none-eabi-gcc "../Core/Src/main.c" -mcpu=cortex-m0plus -std=gnu11 -g3 -DDEBUG -DUSE_HAL_DRIVER -DSTM32G081xx -c -I../Core/Inc -I../Drivers/STM32G0xx_HAL_Driver/Inc -I../Drivers/STM32G0xx_HAL_Driver/Inc/Legacy -I../Drivers/CMSIS/Device/ST/STM32G0xx/Include -I../Drivers/CMSIS/Include -O0 -ffunction-sections -fdata-sections -Wall -fstack-usage -fcyclomatic-complexity -MMD -MP -MF"Core/Src/main.d" -MT"Core/Src/main.o" --specs=nano.specs -mfloat-abi=soft -mthumb -o "Core/Src/main.o"
arm-none-eabi-gcc -o "BackLight_Driver_v2.elf" @"objects.list"   -mcpu=cortex-m0plus -T"C:\Users\deniz.gurhan.CIZGI\Desktop\BackLight_Driver_v2\STM32G081KBUX_FLASH.ld" --specs=nosys.specs -Wl,-Map="BackLight_Driver_v2.map" -Wl,--gc-sections -static --specs=nano.specs -mfloat-abi=soft -mthumb -Wl,--start-group -lc -lm -Wl,--end-group
Finished building target: BackLight_Driver_v2.elf
 
arm-none-eabi-size   BackLight_Driver_v2.elf 
arm-none-eabi-objdump -h -S  BackLight_Driver_v2.elf  > "BackLight_Driver_v2.list"
   text	   data	    bss	    dec	    hex	filename
  30792	     20	   1976	  32788	   8014	BackLight_Driver_v2.elf
Finished building: default.size.stdout
 
Finished building: BackLight_Driver_v2.list
 
