13:21:54 **** Incremental Build of configuration Debug for project uart_led_open_close ****
make -j8 all 
arm-none-eabi-gcc "../Core/Src/main.c" -mcpu=cortex-m3 -std=gnu11 -g3 -DDEBUG -DUSE_HAL_DRIVER -DSTM32F207xx -c -I../Core/Inc -I../Drivers/STM32F2xx_HAL_Driver/Inc -I../Drivers/STM32F2xx_HAL_Driver/Inc/Legacy -I../Drivers/CMSIS/Device/ST/STM32F2xx/Include -I../Drivers/CMSIS/Include -O0 -ffunction-sections -fdata-sections -Wall -fstack-usage -fcyclomatic-complexity -MMD -MP -MF"Core/Src/main.d" -MT"Core/Src/main.o" --specs=nano.specs -mfloat-abi=soft -mthumb -o "Core/Src/main.o"
../Core/Src/main.c:49:19: warning: initializer-string for array of 'unsigned char' is too long
   49 | uint8_t msg[10] = "Red Opened\r\n";
      |                   ^~~~~~~~~~~~~~~~
../Core/Src/main.c:50:20: warning: initializer-string for array of 'unsigned char' is too long
   50 | uint8_t msg2[10] = "Red Closed\r\n";
      |                    ^~~~~~~~~~~~~~~~
../Core/Src/main.c:51:20: warning: initializer-string for array of 'unsigned char' is too long
   51 | uint8_t msg3[11] = "Blue Opened\r\n";
      |                    ^~~~~~~~~~~~~~~~~
../Core/Src/main.c:52:20: warning: initializer-string for array of 'unsigned char' is too long
   52 | uint8_t msg4[11] = "Blue Closed\r\n";
      |                    ^~~~~~~~~~~~~~~~~
../Core/Src/main.c: In function 'HAL_UART_RxCpltCallback':
../Core/Src/main.c:84:29: warning: implicit declaration of function 'strncmp' [-Wimplicit-function-declaration]
   84 |                         if (strncmp(roff, data, sizeof(roff)) == 0)
      |                             ^~~~~~~
../Core/Src/main.c:21:1: note: include '<string.h>' or provide a declaration of 'strncmp'
   20 | #include "main.h"
  +++ |+#include <string.h>
   21 | 
../Core/Src/main.c:84:37: warning: pointer targets in passing argument 1 of 'strncmp' differ in signedness [-Wpointer-sign]
   84 |                         if (strncmp(roff, data, sizeof(roff)) == 0)
      |                                     ^~~~
      |                                     |
      |                                     uint8_t * {aka unsigned char *}
../Core/Src/main.c:84:37: note: expected 'const char *' but argument is of type 'uint8_t *' {aka 'unsigned char *'}
../Core/Src/main.c:89:42: warning: pointer targets in passing argument 1 of 'strncmp' differ in signedness [-Wpointer-sign]
   89 |                         else if (strncmp(ron, data, sizeof(ron)) == 0)
      |                                          ^~~
      |                                          |
      |                                          uint8_t * {aka unsigned char *}
../Core/Src/main.c:89:42: note: expected 'const char *' but argument is of type 'uint8_t *' {aka 'unsigned char *'}
../Core/Src/main.c:94:42: warning: pointer targets in passing argument 1 of 'strncmp' differ in signedness [-Wpointer-sign]
   94 |                         else if (strncmp(boff, data,sizeof(boff)) == 0)
      |                                          ^~~~
      |                                          |
      |                                          uint8_t * {aka unsigned char *}
../Core/Src/main.c:94:42: note: expected 'const char *' but argument is of type 'uint8_t *' {aka 'unsigned char *'}
../Core/Src/main.c:99:42: warning: pointer targets in passing argument 1 of 'strncmp' differ in signedness [-Wpointer-sign]
   99 |                         else if (strncmp(bon, data, sizeof(bon)) == 0)
      |                                          ^~~
      |                                          |
      |                                          uint8_t * {aka unsigned char *}
../Core/Src/main.c:99:42: note: expected 'const char *' but argument is of type 'uint8_t *' {aka 'unsigned char *'}
arm-none-eabi-gcc -o "uart_led_open_close.elf" @"objects.list"   -mcpu=cortex-m3 -T"C:\Users\deniz.gurhan.CIZGI\Desktop\Workspace_1_11_0\uart_led_open_close\STM32F207ZGTX_FLASH.ld" --specs=nosys.specs -Wl,-Map="uart_led_open_close.map" -Wl,--gc-sections -static --specs=nano.specs -mfloat-abi=soft -mthumb -Wl,--start-group -lc -lm -Wl,--end-group
Finished building target: uart_led_open_close.elf
 
arm-none-eabi-size   uart_led_open_close.elf 
arm-none-eabi-objdump -h -S  uart_led_open_close.elf  > "uart_led_open_close.list"
   text	   data	    bss	    dec	    hex	filename
  12428	     84	   1796	  14308	   37e4	uart_led_open_close.elf
Finished building: default.size.stdout
 
Finished building: uart_led_open_close.list
 

13:21:55 Build Finished. 0 errors, 9 warnings. (took 1s.194ms)

